<html>
<body>
<pre>
<h1>µVision Build Log</h1>
<h2>Tool Versions:</h2>
IDE-Version: ¦ÌVision V5.28.0.0
Copyright (C) 2019 ARM Ltd and ARM Germany GmbH. All rights reserved.
License Information: shaohua yuan'liang, shaohua, LIC=CZLZX-HX4KG-SB1EJ-UD5ZU-ELB21-U5CPX
 
Tool Versions:
Toolchain:       MDK-ARM Plus  Version: 5.28.0.0
Toolchain Path:  D:\keil\ARM\ARMCC\Bin
C Compiler:      Armcc.exe V5.06 update 6 (build 750)
Assembler:       Armasm.exe V5.06 update 6 (build 750)
Linker/Locator:  ArmLink.exe V5.06 update 6 (build 750)
Library Manager: ArmAr.exe V5.06 update 6 (build 750)
Hex Converter:   FromElf.exe V5.06 update 6 (build 750)
CPU DLL:         SARMCM3.DLL V5.28.0.0
Dialog DLL:      DCM.DLL V1.17.3.0
Target DLL:      Segger\JL2CM3.dll V2.99.36.0
Dialog DLL:      TCM.DLL V1.36.2.0
 
<h2>Project:</h2>
C:\Users\yuan'liang\OneDrive\×ÀÃæ\spiflash\USER\Template.uvprojx
Project File Date:  06/30/2026

<h2>Output:</h2>
*** Using Compiler 'V5.06 update 6 (build 750)', folder: 'D:\keil\ARM\ARMCC\Bin'
Build target 'Target 1'
compiling main.c...
..\MYCODE\exti.h(11): warning:  #1-D: last line of file ends without a newline
  #endif
..\MYCODE\iwdg.h(11): warning:  #1-D: last line of file ends without a newline
  #endif
..\MYCODE\iic.h(25): warning:  #1-D: last line of file ends without a newline
  #endif
main.c(47): warning:  #167-D: argument of type "volatile u8 *" is incompatible with parameter of type "void *"
  			memset(buffer, 0, sizeof(buffer));
main.c(84): warning:  #167-D: argument of type "u8 *" is incompatible with parameter of type "const char *"
  	Cross_Page_Write(0x0100F4, write_buff, strlen(write_buff));
main.c(85): warning:  #167-D: argument of type "u8 *" is incompatible with parameter of type "const char *"
  	Read_Data(0x0100F4, read_buff, strlen(write_buff));
main.c(94): warning:  #111-D: statement is unreachable
      return 0;
main.c: 7 warnings, 0 errors
linking...
Program Size: Code=4234 RO-data=482 RW-data=24 ZI-data=1696  
".\Objects\Template.axf" - 0 Error(s), 7 Warning(s).

<h2>Software Packages used:</h2>

Package Vendor: Keil
                http://www.keil.com/pack/Keil.STM32F4xx_DFP.2.14.0.pack
                Keil.STM32F4xx_DFP.2.14.0
                STMicroelectronics STM32F4 Series Device Support, Drivers and Examples

<h2>Collection of Component include folders:</h2>
  .\RTE\_Target_1
  D:\keil\Keil\STM32F4xx_DFP\2.14.0\Drivers\CMSIS\Device\ST\STM32F4xx\Include

<h2>Collection of Component Files used:</h2>
Build Time Elapsed:  00:00:02
</pre>
</body>
</html>
