<html>
<body>
<pre>
<h1>礦ision Build Log</h1>
<h2>Tool Versions:</h2>
IDE-Version: μVision V5.28.0.0
Copyright (C) 2019 ARM Ltd and ARM Germany GmbH. All rights reserved.
License Information: shaohua yuan'liang, shaohua, LIC=CZLZX-HX4KG-SB1EJ-UD5ZU-ELB21-U5CPX
 
Tool Versions:
Toolchain:       MDK-ARM Plus  Version: 5.28.0.0
Toolchain Path:  D:\keil\ARM\ARMCC\Bin
C Compiler:      Armcc.exe V5.06 update 6 (build 750)
Assembler:       Armasm.exe V5.06 update 6 (build 750)
Linker/Locator:  ArmLink.exe V5.06 update 6 (build 750)
Library Manager: ArmAr.exe V5.06 update 6 (build 750)
Hex Converter:   FromElf.exe V5.06 update 6 (build 750)
CPU DLL:         SARMCM3.DLL V5.28.0.0
Dialog DLL:      DCM.DLL V1.17.3.0
Target DLL:      Segger\JL2CM3.dll V2.99.36.0
Dialog DLL:      TCM.DLL V1.36.2.0
 
<h2>Project:</h2>
E:\5-STM32\code\02高级开发\超声波测距\USER\Template.uvprojx
Project File Date:  06/23/2026

<h2>Output:</h2>
*** Using Compiler 'V5.06 update 6 (build 750)', folder: 'D:\keil\ARM\ARMCC\Bin'
Build target 'Target 1'
compiling main.c...
..\MYCODE\exti.h(11): warning:  #1-D: last line of file ends without a newline
  #endif
main.c(62): warning:  #223-D: function "TEST_Init" declared implicitly
  		TEST_Init();
main.c(65): warning:  #111-D: statement is unreachable
  	return 0;
main.c(66): warning:  #1-D: last line of file ends without a newline
  }
main.c: 4 warnings, 0 errors
compiling test.c...
..\MYCODE\test.h(17): warning:  #1-D: last line of file ends without a newline
  #endif
..\MYCODE\test.c(44): warning:  #223-D: function "sprintf" declared implicitly
  		sprintf(buffer, "CNT=%d, Distance=%d cm\r\n", TIM3->CNT, num);
..\MYCODE\test.c(49): warning:  #1-D: last line of file ends without a newline
  }
..\MYCODE\test.c: 3 warnings, 0 errors
linking...
Program Size: Code=3292 RO-data=424 RW-data=28 ZI-data=1644  
".\Objects\Template.axf" - 0 Error(s), 7 Warning(s).

<h2>Software Packages used:</h2>

Package Vendor: Keil
                http://www.keil.com/pack/Keil.STM32F4xx_DFP.1.0.8.pack
                Keil.STM32F4xx_DFP.1.0.8
                STMicroelectronics STM32F4 Series Device Support, Drivers and Examples

<h2>Collection of Component include folders:</h2>
  .\RTE\_Target_1
  D:\keil\Keil\STM32F4xx_DFP\1.0.8\Device\Include

<h2>Collection of Component Files used:</h2>
Build Time Elapsed:  00:00:01
</pre>
</body>
</html>
