<html>
<body>
<pre>
<h1>礦ision Build Log</h1>
<h2>Tool Versions:</h2>
IDE-Version: μVision V5.28.0.0
Copyright (C) 2019 ARM Ltd and ARM Germany GmbH. All rights reserved.
License Information: 1232 Administrator, 13, LIC=PE7DL-0H5C6-01AP1-CJ6R2-G69JT-7XQ35
 
Tool Versions:
Toolchain:       MDK-ARM Plus  Version: 5.28.0.0
Toolchain Path:  D:\keilv5\ARM\ARMCC\Bin
C Compiler:      Armcc.exe V5.06 update 6 (build 750)
Assembler:       Armasm.exe V5.06 update 6 (build 750)
Linker/Locator:  ArmLink.exe V5.06 update 6 (build 750)
Library Manager: ArmAr.exe V5.06 update 6 (build 750)
Hex Converter:   FromElf.exe V5.06 update 6 (build 750)
CPU DLL:         SARMCM3.DLL V5.28.0.0
Dialog DLL:      DCM.DLL V1.17.3.0
Target DLL:      Segger\JL2CM3.dll V2.99.36.0
Dialog DLL:      TCM.DLL V1.36.2.0
 
<h2>Project:</h2>
D:\GZ2614\10-STM32\课程代码\高级开发\08\FreeModbus\FreeModbus\Template.uvprojx
Project File Date:  01/10/2022

<h2>Output:</h2>
*** Using Compiler 'V5.06 update 6 (build 750)', folder: 'D:\keilv5\ARM\ARMCC\Bin'
Build target 'Target 1'
compiling delay.c...
MYCODE\delay.h(14): warning:  #1-D: last line of file ends without a newline
  #endif
MYCODE\delay.c: 1 warning, 0 errors
compiling led.c...
MYCODE\led.h(14): warning:  #1-D: last line of file ends without a newline
  #endif
MYCODE\led.c(42): warning:  #1-D: last line of file ends without a newline
  }
MYCODE\led.c: 2 warnings, 0 errors
compiling main.c...
MYCODE\led.h(14): warning:  #1-D: last line of file ends without a newline
  #endif
MYCODE\delay.h(14): warning:  #1-D: last line of file ends without a newline
  #endif
MYCODE\tim.h(9): warning:  #1-D: last line of file ends without a newline
  #endif
MYCODE\usart.h(12): warning:  #1-D: last line of file ends without a newline
  #endif
MYCODE\main.c(60): warning:  #111-D: statement is unreachable
  	return 0;
MYCODE\main.c(39): warning:  #177-D: variable "i"  was declared but never referenced
  	int i = 0;
MYCODE\main.c(263): warning:  #1461-D: function declared with "noreturn" does return
  }  
MYCODE\main.c: 7 warnings, 0 errors
compiling tim.c...
MYCODE\tim.h(9): warning:  #1-D: last line of file ends without a newline
  #endif
MYCODE\tim.c: 1 warning, 0 errors
compiling usart.c...
MYCODE\usart.h(12): warning:  #1-D: last line of file ends without a newline
  #endif
MYCODE\usart.c(17): warning:  #940-D: missing return statement at end of non-void function "_sys_exit" 
  } 
MYCODE\usart.c: 2 warnings, 0 errors
compiling mbascii.c...
compiling mbfunccoils.c...
compiling mbfuncdisc.c...
compiling mbfuncholding.c...
compiling mbfuncother.c...
compiling mbfuncinput.c...
compiling mbutils.c...
compiling mbtcp.c...
compiling mbcrc.c...
compiling mbrtu.c...
modbus\rtu\mbrtu.c(152): warning:  #550-D: variable "xFrameReceived"  was set but never used
      BOOL            xFrameReceived = FALSE;
modbus\rtu\mbrtu.c: 1 warning, 0 errors
compiling portevent.c...
compiling portserial.c...
.\MYCODE\usart.h(12): warning:  #1-D: last line of file ends without a newline
  #endif
port\portserial.c: 1 warning, 0 errors
compiling mb.c...
compiling porttimer.c...
.\MYCODE\tim.h(9): warning:  #1-D: last line of file ends without a newline
  #endif
port\porttimer.c: 1 warning, 0 errors
compiling stm32f4xx_exti.c...
compiling misc.c...
compiling stm32f4xx_gpio.c...
compiling stm32f4xx_syscfg.c...
compiling stm32f4xx_rcc.c...
compiling stm32f4xx_usart.c...
compiling system_stm32f4xx.c...
compiling stm32f4xx_tim.c...
linking...
Program Size: Code=8698 RO-data=1106 RW-data=236 ZI-data=1980  
".\Objects\Template.axf" - 0 Error(s), 16 Warning(s).

<h2>Software Packages used:</h2>

Package Vendor: ARM
                http://www.keil.com/pack/ARM.CMSIS.5.5.1.pack
                ARM.CMSIS.5.5.1
                CMSIS (Cortex Microcontroller Software Interface Standard)
   * Component: CORE Version: 5.2.0

Package Vendor: Keil
                http://www.keil.com/pack/Keil.STM32F4xx_DFP.1.0.8.pack
                Keil.STM32F4xx_DFP.1.0.8
                STMicroelectronics STM32F4 Series Device Support, Drivers and Examples
   * Component: Startup Version: 1.3.1
   * Component: EXTI Version: 1.3.0
   * Component: Framework Version: 1.3.1
   * Component: GPIO Version: 1.3.0
   * Component: RCC Version: 1.3.0
   * Component: SYSCFG Version: 1.3.0
   * Component: TIM Version: 1.3.0
   * Component: USART Version: 1.3.0

<h2>Collection of Component include folders:</h2>
  .\RTE\Device\STM32F407ZE
  .\RTE\_Target_1
  D:\keilv5\ARM\CMSIS\5.5.1\CMSIS\Core\Include
  D:\keilv5\Keil\STM32F4xx_DFP\1.0.8\Device\Include
  D:\keilv5\Keil\STM32F4xx_DFP\1.0.8\Device\StdPeriph_Driver\inc

<h2>Collection of Component Files used:</h2>

   * Component: ARM::CMSIS:CORE:5.2.0

   * Component: Keil::Device:Startup:1.3.1
      Include file:  Device\Include\stm32f4xx.h
      Source file:   Device\Source\ARM\startup_stm32f40_41xxx.s
      Source file:   Device\Source\system_stm32f4xx.c
      Source file:   Device\Source\ARM\STM32F40xxx_41xxx_OPT.s
      Source file:   Device\Source\ARM\STM32F4xx_OTP.s
      Include file:  RTE_Driver\Config\RTE_Device.h

   * Component: Keil::Device:StdPeriph Drivers:EXTI:1.3.0
      Include file:  Device\StdPeriph_Driver\inc\stm32f4xx_exti.h
      Source file:   Device\StdPeriph_Driver\src\stm32f4xx_exti.c

   * Component: Keil::Device:StdPeriph Drivers:Framework:1.3.1
      Source file:   Device\StdPeriph_Driver\src\misc.c
      Source file:   Device\StdPeriph_Driver\templates\stm32f4xx_conf.h
      Include file:  Device\StdPeriph_Driver\templates\stm32f4xx_it.h
      Source file:   Device\StdPeriph_Driver\templates\stm32f4xx_it.c

   * Component: Keil::Device:StdPeriph Drivers:GPIO:1.3.0
      Include file:  Device\StdPeriph_Driver\inc\stm32f4xx_gpio.h
      Source file:   Device\StdPeriph_Driver\src\stm32f4xx_gpio.c

   * Component: Keil::Device:StdPeriph Drivers:RCC:1.3.0
      Include file:  Device\StdPeriph_Driver\inc\stm32f4xx_rcc.h
      Source file:   Device\StdPeriph_Driver\src\stm32f4xx_rcc.c

   * Component: Keil::Device:StdPeriph Drivers:SYSCFG:1.3.0
      Source file:   Device\StdPeriph_Driver\src\stm32f4xx_syscfg.c
      Include file:  Device\StdPeriph_Driver\inc\stm32f4xx_syscfg.h

   * Component: Keil::Device:StdPeriph Drivers:TIM:1.3.0
      Source file:   Device\StdPeriph_Driver\src\stm32f4xx_tim.c
      Include file:  Device\StdPeriph_Driver\inc\stm32f4xx_tim.h

   * Component: Keil::Device:StdPeriph Drivers:USART:1.3.0
      Include file:  Device\StdPeriph_Driver\inc\stm32f4xx_usart.h
      Source file:   Device\StdPeriph_Driver\src\stm32f4xx_usart.c
Build Time Elapsed:  00:00:11
</pre>
</body>
</html>
