<html>
<body>
<pre>
<h1>礦ision Build Log</h1>
<h2>Tool Versions:</h2>
IDE-Version: μVision V5.28.0.0
Copyright (C) 2019 ARM Ltd and ARM Germany GmbH. All rights reserved.
License Information: 1232 Administrator, 13, LIC=PE7DL-0H5C6-01AP1-CJ6R2-G69JT-7XQ35
 
Tool Versions:
Toolchain:       MDK-ARM Plus  Version: 5.28.0.0
Toolchain Path:  D:\keilv5\ARM\ARMCC\Bin
C Compiler:      Armcc.exe V5.06 update 6 (build 750)
Assembler:       Armasm.exe V5.06 update 6 (build 750)
Linker/Locator:  ArmLink.exe V5.06 update 6 (build 750)
Library Manager: ArmAr.exe V5.06 update 6 (build 750)
Hex Converter:   FromElf.exe V5.06 update 6 (build 750)
CPU DLL:         SARMCM3.DLL V5.28.0.0
Dialog DLL:      DCM.DLL V1.17.3.0
Target DLL:      Segger\JL2CM3.dll V2.99.36.0
Dialog DLL:      TCM.DLL V1.36.2.0
 
<h2>Project:</h2>
D:\GZ2614\10-STM32\课程代码\高级开发\03\ADC\USER\Template.uvprojx
Project File Date:  06/25/2026

<h2>Output:</h2>
*** Using Compiler 'V5.06 update 6 (build 750)', folder: 'D:\keilv5\ARM\ARMCC\Bin'
Build target 'Target 1'
compiling adc.c...
compiling main.c...
..\MYCODE\exti.h(11): warning:  #1-D: last line of file ends without a newline
  #endif
..\MYCODE\iwdg.h(11): warning:  #1-D: last line of file ends without a newline
  #endif
main.c(44): warning:  #167-D: argument of type "volatile u8 *" is incompatible with parameter of type "void *"
  			memset(buffer, 0, sizeof(buffer));
main.c(86): warning:  #111-D: statement is unreachable
      return 0;
main.c: 4 warnings, 0 errors
linking...
Program Size: Code=3680 RO-data=424 RW-data=32 ZI-data=1696  
".\Objects\Template.axf" - 0 Error(s), 4 Warning(s).

<h2>Software Packages used:</h2>

Package Vendor: Keil
                http://www.keil.com/pack/Keil.STM32F4xx_DFP.1.0.8.pack
                Keil.STM32F4xx_DFP.1.0.8
                STMicroelectronics STM32F4 Series Device Support, Drivers and Examples

<h2>Collection of Component include folders:</h2>
  .\RTE\_Target_1
  D:\keilv5\Keil\STM32F4xx_DFP\1.0.8\Device\Include

<h2>Collection of Component Files used:</h2>
Build Time Elapsed:  00:00:02
</pre>
</body>
</html>
