<html>
<body>
<pre>
<h1>礦ision Build Log</h1>
<h2>Tool Versions:</h2>
IDE-Version: μVision V5.28.0.0
Copyright (C) 2019 ARM Ltd and ARM Germany GmbH. All rights reserved.
License Information: shaohua yuan'liang, shaohua, LIC=CZLZX-HX4KG-SB1EJ-UD5ZU-ELB21-U5CPX
 
Tool Versions:
Toolchain:       MDK-ARM Plus  Version: 5.28.0.0
Toolchain Path:  D:\keil\ARM\ARMCC\Bin
C Compiler:      Armcc.exe V5.06 update 6 (build 750)
Assembler:       Armasm.exe V5.06 update 6 (build 750)
Linker/Locator:  ArmLink.exe V5.06 update 6 (build 750)
Library Manager: ArmAr.exe V5.06 update 6 (build 750)
Hex Converter:   FromElf.exe V5.06 update 6 (build 750)
CPU DLL:         SARMCM3.DLL V5.28.0.0
Dialog DLL:      DCM.DLL V1.17.3.0
Target DLL:      Segger\JL2CM3.dll V2.99.36.0
Dialog DLL:      TCM.DLL V1.36.2.0
 
<h2>Project:</h2>
E:\5-STM32\code\02高级开发\RTC_闹钟\USER\Template.uvprojx
Project File Date:  06/25/2026

<h2>Output:</h2>
*** Using Compiler 'V5.06 update 6 (build 750)', folder: 'D:\keil\ARM\ARMCC\Bin'
Build target 'Target 1'
assembling startup_stm32f40_41xxx.s...
compiling stm32f4xx_it.c...
compiling misc.c...
compiling stm32f4xx_crc.c...
compiling stm32f4xx_cryp_tdes.c...
compiling stm32f4xx_cryp_des.c...
compiling stm32f4xx_dac.c...
compiling system_stm32f4xx.c...
compiling stm32f4xx_adc.c...
compiling stm32f4xx_can.c...
compiling stm32f4xx_cryp.c...
compiling stm32f4xx_cryp_aes.c...
compiling stm32f4xx_dbgmcu.c...
compiling stm32f4xx_dcmi.c...
compiling stm32f4xx_dma.c...
compiling stm32f4xx_dma2d.c...
compiling stm32f4xx_flash_ramfunc.c...
compiling stm32f4xx_exti.c...
compiling stm32f4xx_flash.c...
compiling stm32f4xx_hash_sha1.c...
compiling stm32f4xx_gpio.c...
compiling stm32f4xx_hash.c...
compiling stm32f4xx_hash_md5.c...
compiling stm32f4xx_i2c.c...
compiling stm32f4xx_iwdg.c...
compiling stm32f4xx_pwr.c...
compiling stm32f4xx_ltdc.c...
compiling stm32f4xx_rcc.c...
compiling stm32f4xx_rng.c...
compiling stm32f4xx_spi.c...
compiling stm32f4xx_rtc.c...
compiling stm32f4xx_syscfg.c...
compiling stm32f4xx_sai.c...
compiling stm32f4xx_wwdg.c...
compiling stm32f4xx_sdio.c...
compiling stm32f4xx_usart.c...
compiling stm32f4xx_tim.c...
compiling sys.c...
compiling delay.c...
..\SYSTEM\delay.c(68): warning:  #1-D: last line of file ends without a newline
  }	
..\SYSTEM\delay.c: 1 warning, 0 errors
compiling main.c...
..\MYCODE\exti.h(11): warning:  #1-D: last line of file ends without a newline
  #endif
..\MYCODE\iwdg.h(11): warning:  #1-D: last line of file ends without a newline
  #endif
main.c(43): warning:  #167-D: argument of type "volatile u8 *" is incompatible with parameter of type "void *"
  			memset(buffer, 0, sizeof(buffer));
main.c(86): warning:  #111-D: statement is unreachable
      return 0;
main.c: 4 warnings, 0 errors
compiling led.c...
compiling usart.c...
..\SYSTEM\usart.c(17): warning:  #940-D: missing return statement at end of non-void function "_sys_exit" 
  } 
..\SYSTEM\usart.c: 1 warning, 0 errors
compiling key.c...
compiling tim.c...
..\MYCODE\tim.c(65): warning:  #1-D: last line of file ends without a newline
  }
..\MYCODE\tim.c: 1 warning, 0 errors
compiling exti.c...
..\MYCODE\exti.h(11): warning:  #1-D: last line of file ends without a newline
  #endif
..\MYCODE\exti.c: 1 warning, 0 errors
compiling pwm.c...
..\MYCODE\pwm.c(61): warning:  #1-D: last line of file ends without a newline
  }
..\MYCODE\pwm.c: 1 warning, 0 errors
compiling sr04.c...
..\MYCODE\sr04.c(97): warning:  #1-D: last line of file ends without a newline
  }
..\MYCODE\sr04.c: 1 warning, 0 errors
compiling dht11.c...
..\MYCODE\dht11.c(169): warning:  #1-D: last line of file ends without a newline
  }
..\MYCODE\dht11.c: 1 warning, 0 errors
compiling iwdg.c...
..\MYCODE\iwdg.h(11): warning:  #1-D: last line of file ends without a newline
  #endif
..\MYCODE\iwdg.c(16): warning:  #1-D: last line of file ends without a newline
  }
..\MYCODE\iwdg.c: 2 warnings, 0 errors
compiling rtc.c...
linking...
Program Size: Code=5394 RO-data=442 RW-data=32 ZI-data=1696  
".\Objects\Template.axf" - 0 Error(s), 13 Warning(s).

<h2>Software Packages used:</h2>

Package Vendor: Keil
                http://www.keil.com/pack/Keil.STM32F4xx_DFP.1.0.8.pack
                Keil.STM32F4xx_DFP.1.0.8
                STMicroelectronics STM32F4 Series Device Support, Drivers and Examples

<h2>Collection of Component include folders:</h2>
  .\RTE\_Target_1
  D:\keil\Keil\STM32F4xx_DFP\1.0.8\Device\Include

<h2>Collection of Component Files used:</h2>
Build Time Elapsed:  00:00:06
</pre>
</body>
</html>
