<html>
<body>
<pre>
<h1>µVision Build Log</h1>
<h2>Tool Versions:</h2>
IDE-Version: ¦ÌVision V5.28.0.0
Copyright (C) 2019 ARM Ltd and ARM Germany GmbH. All rights reserved.
License Information: shaohua yuan'liang, shaohua, LIC=CZLZX-HX4KG-SB1EJ-UD5ZU-ELB21-U5CPX
 
Tool Versions:
Toolchain:       MDK-ARM Plus  Version: 5.28.0.0
Toolchain Path:  D:\keil\ARM\ARMCC\Bin
C Compiler:      Armcc.exe V5.06 update 6 (build 750)
Assembler:       Armasm.exe V5.06 update 6 (build 750)
Linker/Locator:  ArmLink.exe V5.06 update 6 (build 750)
Library Manager: ArmAr.exe V5.06 update 6 (build 750)
Hex Converter:   FromElf.exe V5.06 update 6 (build 750)
CPU DLL:         SARMCM3.DLL V5.28.0.0
Dialog DLL:      DCM.DLL V1.17.3.0
Target DLL:      Segger\JL2CM3.dll V2.99.36.0
Dialog DLL:      TCM.DLL V1.36.2.0
 
<h2>Project:</h2>
E:\5-STM32\code\02¸ß¼¶¿ª·¢\À¶ÑÀ»ñÈ¡Êª¶ÈÓëÎÂ¶È\USER\Template.uvprojx
Project File Date:  06/24/2026

<h2>Output:</h2>
*** Using Compiler 'V5.06 update 6 (build 750)', folder: 'D:\keil\ARM\ARMCC\Bin'
Build target 'Target 1'
compiling tim.c...
..\MYCODE\tim.c(118): warning:  #223-D: function "Dht11_Data" declared implicitly
  		ret = Dht11_Data(data);
..\MYCODE\tim.c(121): warning:  #223-D: function "sprintf" declared implicitly
  			sprintf(buffer, "æ¹¿åº¦ï¼?%d.%d\r\n", data[0], data[1]);
..\MYCODE\tim.c(121): warning:  #870-D: invalid multibyte character sequence
  			sprintf(buffer, "æ¹¿åº¦ï¼?%d.%d\r\n", data[0], data[1]);
..\MYCODE\tim.c(122): warning:  #870-D: invalid multibyte character sequence
  			sprintf(uffer, "æ¸©åº¦ï¼?%d.%d\r\n", data[2], data[3]);
..\MYCODE\tim.c(125): warning:  #223-D: function "memset" declared implicitly
  			memset(buffer,0,sizeof(buffer));
..\MYCODE\tim.c(132): warning:  #1-D: last line of file ends without a newline
  }
..\MYCODE\tim.c: 6 warnings, 0 errors
compiling main.c...
..\MYCODE\exti.h(11): warning:  #1-D: last line of file ends without a newline
  #endif
..\MYCODE\iwdg.h(11): warning:  #1-D: last line of file ends without a newline
  #endif
main.c(42): warning:  #167-D: argument of type "volatile u8 *" is incompatible with parameter of type "void *"
  			memset(buffer, 0, sizeof(buffer));
main.c(95): warning:  #167-D: argument of type "volatile u8 *" is incompatible with parameter of type "const char *"
  			if(strcmp(g_buffer,"Auto")==0||g_buffer[0]<='9')
main.c(100): warning:  #223-D: function "atoi" declared implicitly
  						int time_val = atoi((char*)g_buffer); 
main.c(108): warning:  #167-D: argument of type "volatile u8 *" is incompatible with parameter of type "const char *"
  			}else if (strcmp(g_buffer,"Manual")==0)
main.c(113): warning:  #167-D: argument of type "volatile u8 *" is incompatible with parameter of type "void *"
  			memset(g_buffer,0,sizeof(g_buffer));
main.c(123): warning:  #870-D: invalid multibyte character sequence
  				sprintf(buffer, "æ¹¿åº¦ï¼?%d.%d\r\n", data[0], data[1]);
main.c(124): warning:  #870-D: invalid multibyte character sequence
  				sprintf(uffer, "æ¸©åº¦ï¼?%d.%d\r\n", data[2], data[3]);
main.c(134): warning:  #111-D: statement is unreachable
      return 0;
main.c: 10 warnings, 0 errors
linking...
Program Size: Code=5728 RO-data=696 RW-data=32 ZI-data=1696  
".\Objects\Template.axf" - 0 Error(s), 16 Warning(s).

<h2>Software Packages used:</h2>

Package Vendor: Keil
                http://www.keil.com/pack/Keil.STM32F4xx_DFP.1.0.8.pack
                Keil.STM32F4xx_DFP.1.0.8
                STMicroelectronics STM32F4 Series Device Support, Drivers and Examples

<h2>Collection of Component include folders:</h2>
  .\RTE\_Target_1
  D:\keil\Keil\STM32F4xx_DFP\1.0.8\Device\Include

<h2>Collection of Component Files used:</h2>
Build Time Elapsed:  00:00:02
</pre>
</body>
</html>
